FF                                                                       [100%]
=================================== FAILURES ===================================
__ test_protection_lookup_exception_freezes_account_and_keeps_receipt_pending __
autotrader-gpt-recovery-20261008/patch/tests/test_core_entry_pipeline.py:247: in test_protection_lookup_exception_freezes_account_and_keeps_receipt_pending
    run(c,s,client,p,d)
autotrader-gpt-recovery-20261008/patch/tests/test_core_entry_pipeline.py:80: in run
    trader._handle_new_entry(c,state,client,SYMBOL,side,d,'decision-123','entry',[], '',None,
autotrader-gpt-recovery-20261008/patch/trader.py:4477: in _handle_new_entry
    order_success = _execute_approved_entry_with_optional_reversal(
autotrader-gpt-recovery-20261008/patch/trader.py:4071: in _execute_approved_entry_with_optional_reversal
    return _execute_entry(
autotrader-rc-structure-risk-ai-20261005/core_unified_service.py:52: in guarded
    return function(*args,**kwargs)
           ^^^^^^^^^^^^^^^^^^^^^^^^
autotrader-gpt-recovery-20261008/patch/trader.py:5805: in _execute_entry
    return _finalize_core_entry_result(cfg,state,client,symbol,decision,decision_id,result,
autotrader-gpt-recovery-20261008/patch/trader.py:5863: in _finalize_core_entry_result
    protection=order_safety.verify_protection(client,side,expected_contracts,
autotrader-gpt-recovery-20261008/patch/tests/test_core_entry_pipeline.py:245: in failed
    def failed(*a,**k): raise RuntimeError('offline unavailable protection read')
                        ^^^^^^^^^^^^^^^^^^^^^^^^^^^^^^^^^^^^^^^^^^^^^^^^^^^^^^^^^
E   RuntimeError: offline unavailable protection read
------------------------------ Captured log call -------------------------------
WARNING  pipeline-test:trader.py:6841 [ETH/USDT:USDT] ADAPTIVE_EXIT TP2_RR_RESCUE post_cost_rr=1.566 stop_fraction=7.500%
______ test_unbound_or_changed_lifecycle_never_authorizes_emergency_close ______
autotrader-gpt-recovery-20261008/patch/tests/test_core_entry_pipeline.py:264: in test_unbound_or_changed_lifecycle_never_authorizes_emergency_close
    assert not closes
E   AssertionError: assert not [{'client_order_id': 'ce9f05e7e4326c2f0c784becfdac04'}]
------------------------------ Captured log call -------------------------------
WARNING  pipeline-test:trader.py:6841 [ETH/USDT:USDT] ADAPTIVE_EXIT TP2_RR_RESCUE post_cost_rr=1.566 stop_fraction=7.500%
=========================== short test summary info ============================
FAILED autotrader-gpt-recovery-20261008/patch/tests/test_core_entry_pipeline.py::test_protection_lookup_exception_freezes_account_and_keeps_receipt_pending
FAILED autotrader-gpt-recovery-20261008/patch/tests/test_core_entry_pipeline.py::test_unbound_or_changed_lifecycle_never_authorizes_emergency_close
2 failed, 48 deselected in 0.41s
