
==================================== ERRORS ====================================
_________ ERROR collecting rollback_checks/test_core_notifications.py __________
import file mismatch:
imported module 'test_core_notifications' has this __file__ attribute:
  /private/tmp/autotrader-gpt-recovery-final-20261008/candidate/gemini_checks/test_core_notifications.py
which is not the same as the test file we want to collect:
  /private/tmp/autotrader-gpt-recovery-final-20261008/candidate/rollback_checks/test_core_notifications.py
HINT: remove __pycache__ / .pyc files and/or use a unique basename for your test file modules
_______________ ERROR collecting rollback_checks/test_handoff.py _______________
import file mismatch:
imported module 'test_handoff' has this __file__ attribute:
  /private/tmp/autotrader-gpt-recovery-final-20261008/candidate/gemini_checks/test_handoff.py
which is not the same as the test file we want to collect:
  /private/tmp/autotrader-gpt-recovery-final-20261008/candidate/rollback_checks/test_handoff.py
HINT: remove __pycache__ / .pyc files and/or use a unique basename for your test file modules
___________ ERROR collecting rollback_full_checks/test_accounting.py ___________
import file mismatch:
imported module 'test_accounting' has this __file__ attribute:
  /private/tmp/autotrader-gpt-recovery-final-20261008/candidate/gemini_checks/test_accounting.py
which is not the same as the test file we want to collect:
  /private/tmp/autotrader-gpt-recovery-final-20261008/candidate/rollback_full_checks/test_accounting.py
HINT: remove __pycache__ / .pyc files and/or use a unique basename for your test file modules
____________ ERROR collecting rollback_full_checks/test_adapters.py ____________
import file mismatch:
imported module 'test_adapters' has this __file__ attribute:
  /private/tmp/autotrader-gpt-recovery-final-20261008/candidate/gemini_checks/test_adapters.py
which is not the same as the test file we want to collect:
  /private/tmp/autotrader-gpt-recovery-final-20261008/candidate/rollback_full_checks/test_adapters.py
HINT: remove __pycache__ / .pyc files and/or use a unique basename for your test file modules
__________ ERROR collecting rollback_full_checks/test_ai_risk_exit.py __________
import file mismatch:
imported module 'test_ai_risk_exit' has this __file__ attribute:
  /private/tmp/autotrader-gpt-recovery-final-20261008/candidate/gemini_checks/test_ai_risk_exit.py
which is not the same as the test file we want to collect:
  /private/tmp/autotrader-gpt-recovery-final-20261008/candidate/rollback_full_checks/test_ai_risk_exit.py
HINT: remove __pycache__ / .pyc files and/or use a unique basename for your test file modules
_________ ERROR collecting rollback_full_checks/test_churn_control.py __________
import file mismatch:
imported module 'test_churn_control' has this __file__ attribute:
  /private/tmp/autotrader-gpt-recovery-final-20261008/candidate/gemini_checks/test_churn_control.py
which is not the same as the test file we want to collect:
  /private/tmp/autotrader-gpt-recovery-final-20261008/candidate/rollback_full_checks/test_churn_control.py
HINT: remove __pycache__ / .pyc files and/or use a unique basename for your test file modules
_________ ERROR collecting rollback_full_checks/test_compact_review.py _________
import file mismatch:
imported module 'test_compact_review' has this __file__ attribute:
  /private/tmp/autotrader-gpt-recovery-final-20261008/candidate/gemini_checks/test_compact_review.py
which is not the same as the test file we want to collect:
  /private/tmp/autotrader-gpt-recovery-final-20261008/candidate/rollback_full_checks/test_compact_review.py
HINT: remove __pycache__ / .pyc files and/or use a unique basename for your test file modules
_______ ERROR collecting rollback_full_checks/test_core_notifications.py _______
import file mismatch:
imported module 'test_core_notifications' has this __file__ attribute:
  /private/tmp/autotrader-gpt-recovery-final-20261008/candidate/gemini_checks/test_core_notifications.py
which is not the same as the test file we want to collect:
  /private/tmp/autotrader-gpt-recovery-final-20261008/candidate/rollback_full_checks/test_core_notifications.py
HINT: remove __pycache__ / .pyc files and/or use a unique basename for your test file modules
_______ ERROR collecting rollback_full_checks/test_deployment_resume.py ________
import file mismatch:
imported module 'test_deployment_resume' has this __file__ attribute:
  /private/tmp/autotrader-gpt-recovery-final-20261008/candidate/gemini_checks/test_deployment_resume.py
which is not the same as the test file we want to collect:
  /private/tmp/autotrader-gpt-recovery-final-20261008/candidate/rollback_full_checks/test_deployment_resume.py
HINT: remove __pycache__ / .pyc files and/or use a unique basename for your test file modules
______ ERROR collecting rollback_full_checks/test_emergency_threshold.py _______
import file mismatch:
imported module 'test_emergency_threshold' has this __file__ attribute:
  /private/tmp/autotrader-gpt-recovery-final-20261008/candidate/gemini_checks/test_emergency_threshold.py
which is not the same as the test file we want to collect:
  /private/tmp/autotrader-gpt-recovery-final-20261008/candidate/rollback_full_checks/test_emergency_threshold.py
HINT: remove __pycache__ / .pyc files and/or use a unique basename for your test file modules
________ ERROR collecting rollback_full_checks/test_event_detection.py _________
import file mismatch:
imported module 'test_event_detection' has this __file__ attribute:
  /private/tmp/autotrader-gpt-recovery-final-20261008/candidate/gemini_checks/test_event_detection.py
which is not the same as the test file we want to collect:
  /private/tmp/autotrader-gpt-recovery-final-20261008/candidate/rollback_full_checks/test_event_detection.py
HINT: remove __pycache__ / .pyc files and/or use a unique basename for your test file modules
________ ERROR collecting rollback_full_checks/test_event_execution.py _________
import file mismatch:
imported module 'test_event_execution' has this __file__ attribute:
  /private/tmp/autotrader-gpt-recovery-final-20261008/candidate/gemini_checks/test_event_execution.py
which is not the same as the test file we want to collect:
  /private/tmp/autotrader-gpt-recovery-final-20261008/candidate/rollback_full_checks/test_event_execution.py
HINT: remove __pycache__ / .pyc files and/or use a unique basename for your test file modules
_______ ERROR collecting rollback_full_checks/test_event_integration.py ________
import file mismatch:
imported module 'test_event_integration' has this __file__ attribute:
  /private/tmp/autotrader-gpt-recovery-final-20261008/candidate/gemini_checks/test_event_integration.py
which is not the same as the test file we want to collect:
  /private/tmp/autotrader-gpt-recovery-final-20261008/candidate/rollback_full_checks/test_event_integration.py
HINT: remove __pycache__ / .pyc files and/or use a unique basename for your test file modules
__________ ERROR collecting rollback_full_checks/test_event_memory.py __________
import file mismatch:
imported module 'test_event_memory' has this __file__ attribute:
  /private/tmp/autotrader-gpt-recovery-final-20261008/candidate/gemini_checks/test_event_memory.py
which is not the same as the test file we want to collect:
  /private/tmp/autotrader-gpt-recovery-final-20261008/candidate/rollback_full_checks/test_event_memory.py
HINT: remove __pycache__ / .pyc files and/or use a unique basename for your test file modules
__________ ERROR collecting rollback_full_checks/test_event_review.py __________
import file mismatch:
imported module 'test_event_review' has this __file__ attribute:
  /private/tmp/autotrader-gpt-recovery-final-20261008/candidate/gemini_checks/test_event_review.py
which is not the same as the test file we want to collect:
  /private/tmp/autotrader-gpt-recovery-final-20261008/candidate/rollback_full_checks/test_event_review.py
HINT: remove __pycache__ / .pyc files and/or use a unique basename for your test file modules
_________ ERROR collecting rollback_full_checks/test_event_service.py __________
import file mismatch:
imported module 'test_event_service' has this __file__ attribute:
  /private/tmp/autotrader-gpt-recovery-final-20261008/candidate/gemini_checks/test_event_service.py
which is not the same as the test file we want to collect:
  /private/tmp/autotrader-gpt-recovery-final-20261008/candidate/rollback_full_checks/test_event_service.py
HINT: remove __pycache__ / .pyc files and/or use a unique basename for your test file modules
_________ ERROR collecting rollback_full_checks/test_event_settings.py _________
import file mismatch:
imported module 'test_event_settings' has this __file__ attribute:
  /private/tmp/autotrader-gpt-recovery-final-20261008/candidate/gemini_checks/test_event_settings.py
which is not the same as the test file we want to collect:
  /private/tmp/autotrader-gpt-recovery-final-20261008/candidate/rollback_full_checks/test_event_settings.py
HINT: remove __pycache__ / .pyc files and/or use a unique basename for your test file modules
___________ ERROR collecting rollback_full_checks/test_execution.py ____________
import file mismatch:
imported module 'test_execution' has this __file__ attribute:
  /private/tmp/autotrader-gpt-recovery-final-20261008/candidate/gemini_checks/test_execution.py
which is not the same as the test file we want to collect:
  /private/tmp/autotrader-gpt-recovery-final-20261008/candidate/rollback_full_checks/test_execution.py
HINT: remove __pycache__ / .pyc files and/or use a unique basename for your test file modules
__________ ERROR collecting rollback_full_checks/test_gemini_mode.py ___________
import file mismatch:
imported module 'test_gemini_mode' has this __file__ attribute:
  /private/tmp/autotrader-gpt-recovery-final-20261008/candidate/gemini_checks/test_gemini_mode.py
which is not the same as the test file we want to collect:
  /private/tmp/autotrader-gpt-recovery-final-20261008/candidate/rollback_full_checks/test_gemini_mode.py
HINT: remove __pycache__ / .pyc files and/or use a unique basename for your test file modules
____________ ERROR collecting rollback_full_checks/test_handoff.py _____________
import file mismatch:
imported module 'test_handoff' has this __file__ attribute:
  /private/tmp/autotrader-gpt-recovery-final-20261008/candidate/gemini_checks/test_handoff.py
which is not the same as the test file we want to collect:
  /private/tmp/autotrader-gpt-recovery-final-20261008/candidate/rollback_full_checks/test_handoff.py
HINT: remove __pycache__ / .pyc files and/or use a unique basename for your test file modules
___________ ERROR collecting rollback_full_checks/test_inventory.py ____________
import file mismatch:
imported module 'test_inventory' has this __file__ attribute:
  /private/tmp/autotrader-gpt-recovery-final-20261008/candidate/gemini_checks/test_inventory.py
which is not the same as the test file we want to collect:
  /private/tmp/autotrader-gpt-recovery-final-20261008/candidate/rollback_full_checks/test_inventory.py
HINT: remove __pycache__ / .pyc files and/or use a unique basename for your test file modules
______________ ERROR collecting rollback_full_checks/test_live.py ______________
import file mismatch:
imported module 'test_live' has this __file__ attribute:
  /private/tmp/autotrader-gpt-recovery-final-20261008/candidate/gemini_checks/test_live.py
which is not the same as the test file we want to collect:
  /private/tmp/autotrader-gpt-recovery-final-20261008/candidate/rollback_full_checks/test_live.py
HINT: remove __pycache__ / .pyc files and/or use a unique basename for your test file modules
________ ERROR collecting rollback_full_checks/test_log_readability.py _________
import file mismatch:
imported module 'test_log_readability' has this __file__ attribute:
  /private/tmp/autotrader-gpt-recovery-final-20261008/candidate/gemini_checks/test_log_readability.py
which is not the same as the test file we want to collect:
  /private/tmp/autotrader-gpt-recovery-final-20261008/candidate/rollback_full_checks/test_log_readability.py
HINT: remove __pycache__ / .pyc files and/or use a unique basename for your test file modules
_____________ ERROR collecting rollback_full_checks/test_market.py _____________
import file mismatch:
imported module 'test_market' has this __file__ attribute:
  /private/tmp/autotrader-gpt-recovery-final-20261008/candidate/gemini_checks/test_market.py
which is not the same as the test file we want to collect:
  /private/tmp/autotrader-gpt-recovery-final-20261008/candidate/rollback_full_checks/test_market.py
HINT: remove __pycache__ / .pyc files and/or use a unique basename for your test file modules
__________ ERROR collecting rollback_full_checks/test_okx_contract.py __________
import file mismatch:
imported module 'test_okx_contract' has this __file__ attribute:
  /private/tmp/autotrader-gpt-recovery-final-20261008/candidate/gemini_checks/test_okx_contract.py
which is not the same as the test file we want to collect:
  /private/tmp/autotrader-gpt-recovery-final-20261008/candidate/rollback_full_checks/test_okx_contract.py
HINT: remove __pycache__ / .pyc files and/or use a unique basename for your test file modules
________ ERROR collecting rollback_full_checks/test_periodic_gemini.py _________
import file mismatch:
imported module 'test_periodic_gemini' has this __file__ attribute:
  /private/tmp/autotrader-gpt-recovery-final-20261008/candidate/gemini_checks/test_periodic_gemini.py
which is not the same as the test file we want to collect:
  /private/tmp/autotrader-gpt-recovery-final-20261008/candidate/rollback_full_checks/test_periodic_gemini.py
HINT: remove __pycache__ / .pyc files and/or use a unique basename for your test file modules
_____________ ERROR collecting rollback_full_checks/test_policy.py _____________
import file mismatch:
imported module 'test_policy' has this __file__ attribute:
  /private/tmp/autotrader-gpt-recovery-final-20261008/candidate/gemini_checks/test_policy.py
which is not the same as the test file we want to collect:
  /private/tmp/autotrader-gpt-recovery-final-20261008/candidate/rollback_full_checks/test_policy.py
HINT: remove __pycache__ / .pyc files and/or use a unique basename for your test file modules
_______ ERROR collecting rollback_full_checks/test_protection_request.py _______
import file mismatch:
imported module 'test_protection_request' has this __file__ attribute:
  /private/tmp/autotrader-gpt-recovery-final-20261008/candidate/gemini_checks/test_protection_request.py
which is not the same as the test file we want to collect:
  /private/tmp/autotrader-gpt-recovery-final-20261008/candidate/rollback_full_checks/test_protection_request.py
HINT: remove __pycache__ / .pyc files and/or use a unique basename for your test file modules
_________ ERROR collecting rollback_full_checks/test_retry_backoff.py __________
import file mismatch:
imported module 'test_retry_backoff' has this __file__ attribute:
  /private/tmp/autotrader-gpt-recovery-final-20261008/candidate/gemini_checks/test_retry_backoff.py
which is not the same as the test file we want to collect:
  /private/tmp/autotrader-gpt-recovery-final-20261008/candidate/rollback_full_checks/test_retry_backoff.py
HINT: remove __pycache__ / .pyc files and/or use a unique basename for your test file modules
_____________ ERROR collecting rollback_full_checks/test_review.py _____________
import file mismatch:
imported module 'test_review' has this __file__ attribute:
  /private/tmp/autotrader-gpt-recovery-final-20261008/candidate/gemini_checks/test_review.py
which is not the same as the test file we want to collect:
  /private/tmp/autotrader-gpt-recovery-final-20261008/candidate/rollback_full_checks/test_review.py
HINT: remove __pycache__ / .pyc files and/or use a unique basename for your test file modules
____________ ERROR collecting rollback_full_checks/test_rollback.py ____________
import file mismatch:
imported module 'test_rollback' has this __file__ attribute:
  /private/tmp/autotrader-gpt-recovery-final-20261008/candidate/rollback_checks/test_rollback.py
which is not the same as the test file we want to collect:
  /private/tmp/autotrader-gpt-recovery-final-20261008/candidate/rollback_full_checks/test_rollback.py
HINT: remove __pycache__ / .pyc files and/or use a unique basename for your test file modules
____________ ERROR collecting rollback_full_checks/test_runtime.py _____________
import file mismatch:
imported module 'test_runtime' has this __file__ attribute:
  /private/tmp/autotrader-gpt-recovery-final-20261008/candidate/gemini_checks/test_runtime.py
which is not the same as the test file we want to collect:
  /private/tmp/autotrader-gpt-recovery-final-20261008/candidate/rollback_full_checks/test_runtime.py
HINT: remove __pycache__ / .pyc files and/or use a unique basename for your test file modules
____________ ERROR collecting rollback_full_checks/test_service.py _____________
import file mismatch:
imported module 'test_service' has this __file__ attribute:
  /private/tmp/autotrader-gpt-recovery-final-20261008/candidate/gemini_checks/test_service.py
which is not the same as the test file we want to collect:
  /private/tmp/autotrader-gpt-recovery-final-20261008/candidate/rollback_full_checks/test_service.py
HINT: remove __pycache__ / .pyc files and/or use a unique basename for your test file modules
_________ ERROR collecting rollback_full_checks/test_settings_route.py _________
import file mismatch:
imported module 'test_settings_route' has this __file__ attribute:
  /private/tmp/autotrader-gpt-recovery-final-20261008/candidate/gemini_checks/test_settings_route.py
which is not the same as the test file we want to collect:
  /private/tmp/autotrader-gpt-recovery-final-20261008/candidate/rollback_full_checks/test_settings_route.py
HINT: remove __pycache__ / .pyc files and/or use a unique basename for your test file modules
_____________ ERROR collecting rollback_full_checks/test_state.py ______________
import file mismatch:
imported module 'test_state' has this __file__ attribute:
  /private/tmp/autotrader-gpt-recovery-final-20261008/candidate/gemini_checks/test_state.py
which is not the same as the test file we want to collect:
  /private/tmp/autotrader-gpt-recovery-final-20261008/candidate/rollback_full_checks/test_state.py
HINT: remove __pycache__ / .pyc files and/or use a unique basename for your test file modules
_____________ ERROR collecting rollback_full_checks/test_store.py ______________
import file mismatch:
imported module 'test_store' has this __file__ attribute:
  /private/tmp/autotrader-gpt-recovery-final-20261008/candidate/gemini_checks/test_store.py
which is not the same as the test file we want to collect:
  /private/tmp/autotrader-gpt-recovery-final-20261008/candidate/rollback_full_checks/test_store.py
HINT: remove __pycache__ / .pyc files and/or use a unique basename for your test file modules
________ ERROR collecting rollback_full_checks/test_unified_history.py _________
import file mismatch:
imported module 'test_unified_history' has this __file__ attribute:
  /private/tmp/autotrader-gpt-recovery-final-20261008/candidate/gemini_checks/test_unified_history.py
which is not the same as the test file we want to collect:
  /private/tmp/autotrader-gpt-recovery-final-20261008/candidate/rollback_full_checks/test_unified_history.py
HINT: remove __pycache__ / .pyc files and/or use a unique basename for your test file modules
__________________ ERROR collecting tests/test_accounting.py ___________________
import file mismatch:
imported module 'test_accounting' has this __file__ attribute:
  /private/tmp/autotrader-gpt-recovery-final-20261008/candidate/gemini_checks/test_accounting.py
which is not the same as the test file we want to collect:
  /private/tmp/autotrader-gpt-recovery-final-20261008/candidate/tests/test_accounting.py
HINT: remove __pycache__ / .pyc files and/or use a unique basename for your test file modules
___________________ ERROR collecting tests/test_adapters.py ____________________
import file mismatch:
imported module 'test_adapters' has this __file__ attribute:
  /private/tmp/autotrader-gpt-recovery-final-20261008/candidate/gemini_checks/test_adapters.py
which is not the same as the test file we want to collect:
  /private/tmp/autotrader-gpt-recovery-final-20261008/candidate/tests/test_adapters.py
HINT: remove __pycache__ / .pyc files and/or use a unique basename for your test file modules
______________ ERROR collecting tests/test_emergency_threshold.py ______________
import file mismatch:
imported module 'test_emergency_threshold' has this __file__ attribute:
  /private/tmp/autotrader-gpt-recovery-final-20261008/candidate/gemini_checks/test_emergency_threshold.py
which is not the same as the test file we want to collect:
  /private/tmp/autotrader-gpt-recovery-final-20261008/candidate/tests/test_emergency_threshold.py
HINT: remove __pycache__ / .pyc files and/or use a unique basename for your test file modules
___________________ ERROR collecting tests/test_execution.py ___________________
import file mismatch:
imported module 'test_execution' has this __file__ attribute:
  /private/tmp/autotrader-gpt-recovery-final-20261008/candidate/gemini_checks/test_execution.py
which is not the same as the test file we want to collect:
  /private/tmp/autotrader-gpt-recovery-final-20261008/candidate/tests/test_execution.py
HINT: remove __pycache__ / .pyc files and/or use a unique basename for your test file modules
____________________ ERROR collecting tests/test_handoff.py ____________________
import file mismatch:
imported module 'test_handoff' has this __file__ attribute:
  /private/tmp/autotrader-gpt-recovery-final-20261008/candidate/gemini_checks/test_handoff.py
which is not the same as the test file we want to collect:
  /private/tmp/autotrader-gpt-recovery-final-20261008/candidate/tests/test_handoff.py
HINT: remove __pycache__ / .pyc files and/or use a unique basename for your test file modules
___________________ ERROR collecting tests/test_inventory.py ___________________
import file mismatch:
imported module 'test_inventory' has this __file__ attribute:
  /private/tmp/autotrader-gpt-recovery-final-20261008/candidate/gemini_checks/test_inventory.py
which is not the same as the test file we want to collect:
  /private/tmp/autotrader-gpt-recovery-final-20261008/candidate/tests/test_inventory.py
HINT: remove __pycache__ / .pyc files and/or use a unique basename for your test file modules
_____________________ ERROR collecting tests/test_live.py ______________________
import file mismatch:
imported module 'test_live' has this __file__ attribute:
  /private/tmp/autotrader-gpt-recovery-final-20261008/candidate/gemini_checks/test_live.py
which is not the same as the test file we want to collect:
  /private/tmp/autotrader-gpt-recovery-final-20261008/candidate/tests/test_live.py
HINT: remove __pycache__ / .pyc files and/or use a unique basename for your test file modules
____________________ ERROR collecting tests/test_market.py _____________________
import file mismatch:
imported module 'test_market' has this __file__ attribute:
  /private/tmp/autotrader-gpt-recovery-final-20261008/candidate/gemini_checks/test_market.py
which is not the same as the test file we want to collect:
  /private/tmp/autotrader-gpt-recovery-final-20261008/candidate/tests/test_market.py
HINT: remove __pycache__ / .pyc files and/or use a unique basename for your test file modules
_________________ ERROR collecting tests/test_okx_contract.py __________________
import file mismatch:
imported module 'test_okx_contract' has this __file__ attribute:
  /private/tmp/autotrader-gpt-recovery-final-20261008/candidate/gemini_checks/test_okx_contract.py
which is not the same as the test file we want to collect:
  /private/tmp/autotrader-gpt-recovery-final-20261008/candidate/tests/test_okx_contract.py
HINT: remove __pycache__ / .pyc files and/or use a unique basename for your test file modules
____________________ ERROR collecting tests/test_policy.py _____________________
import file mismatch:
imported module 'test_policy' has this __file__ attribute:
  /private/tmp/autotrader-gpt-recovery-final-20261008/candidate/gemini_checks/test_policy.py
which is not the same as the test file we want to collect:
  /private/tmp/autotrader-gpt-recovery-final-20261008/candidate/tests/test_policy.py
HINT: remove __pycache__ / .pyc files and/or use a unique basename for your test file modules
____________________ ERROR collecting tests/test_review.py _____________________
import file mismatch:
imported module 'test_review' has this __file__ attribute:
  /private/tmp/autotrader-gpt-recovery-final-20261008/candidate/gemini_checks/test_review.py
which is not the same as the test file we want to collect:
  /private/tmp/autotrader-gpt-recovery-final-20261008/candidate/tests/test_review.py
HINT: remove __pycache__ / .pyc files and/or use a unique basename for your test file modules
____________________ ERROR collecting tests/test_runtime.py ____________________
import file mismatch:
imported module 'test_runtime' has this __file__ attribute:
  /private/tmp/autotrader-gpt-recovery-final-20261008/candidate/gemini_checks/test_runtime.py
which is not the same as the test file we want to collect:
  /private/tmp/autotrader-gpt-recovery-final-20261008/candidate/tests/test_runtime.py
HINT: remove __pycache__ / .pyc files and/or use a unique basename for your test file modules
____________________ ERROR collecting tests/test_service.py ____________________
import file mismatch:
imported module 'test_service' has this __file__ attribute:
  /private/tmp/autotrader-gpt-recovery-final-20261008/candidate/gemini_checks/test_service.py
which is not the same as the test file we want to collect:
  /private/tmp/autotrader-gpt-recovery-final-20261008/candidate/tests/test_service.py
HINT: remove __pycache__ / .pyc files and/or use a unique basename for your test file modules
_____________________ ERROR collecting tests/test_state.py _____________________
import file mismatch:
imported module 'test_state' has this __file__ attribute:
  /private/tmp/autotrader-gpt-recovery-final-20261008/candidate/gemini_checks/test_state.py
which is not the same as the test file we want to collect:
  /private/tmp/autotrader-gpt-recovery-final-20261008/candidate/tests/test_state.py
HINT: remove __pycache__ / .pyc files and/or use a unique basename for your test file modules
_____________________ ERROR collecting tests/test_store.py _____________________
import file mismatch:
imported module 'test_store' has this __file__ attribute:
  /private/tmp/autotrader-gpt-recovery-final-20261008/candidate/gemini_checks/test_store.py
which is not the same as the test file we want to collect:
  /private/tmp/autotrader-gpt-recovery-final-20261008/candidate/tests/test_store.py
HINT: remove __pycache__ / .pyc files and/or use a unique basename for your test file modules
=========================== short test summary info ============================
ERROR rollback_checks/test_core_notifications.py
ERROR rollback_checks/test_handoff.py
ERROR rollback_full_checks/test_accounting.py
ERROR rollback_full_checks/test_adapters.py
ERROR rollback_full_checks/test_ai_risk_exit.py
ERROR rollback_full_checks/test_churn_control.py
ERROR rollback_full_checks/test_compact_review.py
ERROR rollback_full_checks/test_core_notifications.py
ERROR rollback_full_checks/test_deployment_resume.py
ERROR rollback_full_checks/test_emergency_threshold.py
ERROR rollback_full_checks/test_event_detection.py
ERROR rollback_full_checks/test_event_execution.py
ERROR rollback_full_checks/test_event_integration.py
ERROR rollback_full_checks/test_event_memory.py
ERROR rollback_full_checks/test_event_review.py
ERROR rollback_full_checks/test_event_service.py
ERROR rollback_full_checks/test_event_settings.py
ERROR rollback_full_checks/test_execution.py
ERROR rollback_full_checks/test_gemini_mode.py
ERROR rollback_full_checks/test_handoff.py
ERROR rollback_full_checks/test_inventory.py
ERROR rollback_full_checks/test_live.py
ERROR rollback_full_checks/test_log_readability.py
ERROR rollback_full_checks/test_market.py
ERROR rollback_full_checks/test_okx_contract.py
ERROR rollback_full_checks/test_periodic_gemini.py
ERROR rollback_full_checks/test_policy.py
ERROR rollback_full_checks/test_protection_request.py
ERROR rollback_full_checks/test_retry_backoff.py
ERROR rollback_full_checks/test_review.py
ERROR rollback_full_checks/test_rollback.py
ERROR rollback_full_checks/test_runtime.py
ERROR rollback_full_checks/test_service.py
ERROR rollback_full_checks/test_settings_route.py
ERROR rollback_full_checks/test_state.py
ERROR rollback_full_checks/test_store.py
ERROR rollback_full_checks/test_unified_history.py
ERROR tests/test_accounting.py
ERROR tests/test_adapters.py
ERROR tests/test_emergency_threshold.py
ERROR tests/test_execution.py
ERROR tests/test_handoff.py
ERROR tests/test_inventory.py
ERROR tests/test_live.py
ERROR tests/test_market.py
ERROR tests/test_okx_contract.py
ERROR tests/test_policy.py
ERROR tests/test_review.py
ERROR tests/test_runtime.py
ERROR tests/test_service.py
ERROR tests/test_state.py
ERROR tests/test_store.py
!!!!!!!!!!!!!!!!!!! Interrupted: 52 errors during collection !!!!!!!!!!!!!!!!!!!
52 errors in 2.88s
